**********************
Windows PowerShell transcript start
Start time: 20240221170444
Username: SURESHNANJAN\nanja
RunAs User: SURESHNANJAN\nanja
Configuration Name: 
Machine: SURESHNANJAN (Microsoft Windows NT 10.0.22621.0)
Host Application: C:\Windows\System32\WindowsPowerShell\v1.0\powershell.exe
Process ID: 37404
PSVersion: 5.1.22621.2506
PSEdition: Desktop
PSCompatibleVersions: 1.0, 2.0, 3.0, 4.0, 5.0, 5.1.22621.2506
BuildVersion: 10.0.22621.2506
CLRVersion: 4.0.30319.42000
WSManStackVersion: 3.0
PSRemotingProtocolVersion: 2.3
SerializationVersion: 1.1.0.1
**********************
Transcript started, output file is database-activity-suresh.log
PS C:\Trainings-2021\Vendors\EduRamp\bristlecone-training-2024> cd .\dbms\softwares\
PS C:\Trainings-2021\Vendors\EduRamp\bristlecone-training-2024\dbms\softwares> .\sqlite3.exe
.show                    Show the current values for various settings
.stats ?ARG?             Show stats or turn stats on or off
.system CMD ARGS...      Run CMD ARGS... in a system shell
.tables ?TABLE?          List names of tables matching LIKE pattern TABLE
.timeout MS              Try opening locked tables for MS milliseconds
.timer on|off            Turn SQL timer on or off
.trace ?OPTIONS?         Output each SQL statement as it is run
.version                 Show source, library and compiler versions
.vfsinfo ?AUX?           Information about the top-level VFS
.vfslist                 List all available VFSes
.vfsname ?AUX?           Print the name of the VFS stack
.width NUM1 NUM2 ...     Set minimum column widths for columnar output
sqlite> .tables
albums          employees       invoices        playlists
artists         genres          media_types     tracks
customers       invoice_items   playlist_track
sqlite> describe albums
   ...>
   ...> Program interrupted.
PS C:\Trainings-2021\Vendors\EduRamp\bristlecone-training-2024\dbms\softwares> TerminatingError(): "The pipeline has been stopped."
>> TerminatingError(): "The pipeline has been stopped."
PS C:\Trainings-2021\Vendors\EduRamp\bristlecone-training-2024\dbms\softwares> .\sqlite3.exe

PS C:\Trainings-2021\Vendors\EduRamp\bristlecone-training-2024\dbms\softwares> Stop-Transcript
**********************
Windows PowerShell transcript end
End time: 20240221171909
**********************
