**********************
Windows PowerShell transcript start
Start time: 20240301155142
Username: CORPBRISTLECONE\Theerathee.M
RunAs User: CORPBRISTLECONE\Theerathee.M
Configuration Name: 
Machine: BLR-3GTRFV3 (Microsoft Windows NT 10.0.19045.0)
Host Application: C:\Windows\System32\WindowsPowerShell\v1.0\powershell.exe
Process ID: 30224
PSVersion: 5.1.19041.4046
PSEdition: Desktop
PSCompatibleVersions: 1.0, 2.0, 3.0, 4.0, 5.0, 5.1.19041.4046
BuildVersion: 10.0.19041.4046
CLRVersion: 4.0.30319.42000
WSManStackVersion: 3.0
PSRemotingProtocolVersion: 2.3
SerializationVersion: 1.1.0.1
**********************
Transcript started, output file is theerathee.log
PS C:\Training> git clone https://github.com/sureshnanjan/bristlecone-training-2024.git
Cloning into 'bristlecone-training-2024'...
remote: Enumerating objects: 333, done.
remote: Counting objects: 100% (92/92), done.
remote: Compressing objects: 100% (44/44), done.
remote: Total 333 (delta 62), reused 73 (delta 47), pack-reused 241
Receiving objects: 100% (333/333), 11.22 MiB | 1.82 MiB/s, done.
Resolving deltas: 100% (144/144), done.
PS C:\Training> cd .\bristlecone-training-2024\
PS C:\Training\bristlecone-training-2024> git status
On branch master
Your branch is up to date with 'origin/master'.

nothing to commit, working tree clean
PS C:\Training\bristlecone-training-2024> git status
On branch master
Your branch is up to date with 'origin/master'.

nothing to commit, working tree clean
PS C:\Training\bristlecone-training-2024> cls
PS C:\Training\bristlecone-training-2024> git
usage: git [-v | --version] [-h | --help] [-C <path>] [-c <name>=<value>]
           [--exec-path[=<path>]] [--html-path] [--man-path] [--info-path]
           [-p | --paginate | -P | --no-pager] [--no-replace-objects] [--bare]
           [--git-dir=<path>] [--work-tree=<path>] [--namespace=<name>]
           [--config-env=<name>=<envvar>] <command> [<args>]

These are common Git commands used in various situations:

start a working area (see also: git help tutorial)
   clone     Clone a repository into a new directory
   init      Create an empty Git repository or reinitialize an existing one

work on the current change (see also: git help everyday)
   add       Add file contents to the index
   mv        Move or rename a file, a directory, or a symlink
   restore   Restore working tree files
   rm        Remove files from the working tree and from the index

examine the history and state (see also: git help revisions)
   bisect    Use binary search to find the commit that introduced a bug
   diff      Show changes between commits, commit and working tree, etc
   grep      Print lines matching a pattern
   log       Show commit logs
   show      Show various types of objects
   status    Show the working tree status

grow, mark and tweak your common history
   branch    List, create, or delete branches
   commit    Record changes to the repository
   merge     Join two or more development histories together
   rebase    Reapply commits on top of another base tip
   reset     Reset current HEAD to the specified state
   switch    Switch branches
   tag       Create, list, delete or verify a tag object signed with GPG

collaborate (see also: git help workflows)
   fetch     Download objects and refs from another repository
   pull      Fetch from and integrate with another repository or a local branch
   push      Update remote refs along with associated objects

'git help -a' and 'git help -g' list available subcommands and some
concept guides. See 'git help <command>' or 'git help <concept>'
to read about a specific subcommand or concept.
See 'git help git' for an overview of the system.
PS C:\Training\bristlecone-training-2024> cls
PS C:\Training\bristlecone-training-2024> git status
On branch master
Your branch is up to date with 'origin/master'.

nothing to commit, working tree clean
PS C:\Training\bristlecone-training-2024> git checkout suresh-branch
branch 'suresh-branch' set up to track 'origin/suresh-branch'.
Switched to a new branch 'suresh-branch'
PS C:\Training\bristlecone-training-2024> git checkout -b "theerathee-branch"
Switched to a new branch 'theerathee-branch'
PS C:\Training\bristlecone-training-2024> git status
On branch theerathee-branch
nothing to commit, working tree clean
