**********************
Windows PowerShell transcript start
Start time: 20240228144451
Username: CORPBRISTLECONE\Vipin.Jaiswal
RunAs User: CORPBRISTLECONE\Vipin.Jaiswal
Configuration Name: 
Machine: BLR-995B6Q3 (Microsoft Windows NT 10.0.19045.0)
Host Application: C:\Windows\System32\WindowsPowerShell\v1.0\powershell.exe
Process ID: 16316
PSVersion: 5.1.19041.4046
PSEdition: Desktop
PSCompatibleVersions: 1.0, 2.0, 3.0, 4.0, 5.0, 5.1.19041.4046
BuildVersion: 10.0.19041.4046
CLRVersion: 4.0.30319.42000
WSManStackVersion: 3.0
PSRemotingProtocolVersion: 2.3
SerializationVersion: 1.1.0.1
**********************
Transcript started, output file is Vipin_new.log
PS C:\Users\vipin.jaiswal> git clone https://github.com/sureshnanjan/bristlecone-training-2024.git
fatal: destination path 'bristlecone-training-2024' already exists and is not an empty di
rectory.
PS C:\Users\vipin.jaiswal> cd .\bristlecone-training-2024\
PS C:\Users\vipin.jaiswal\bristlecone-training-2024> git clone https://github.com/sureshnanjan/bristlecone-training-2024.git
fatal: destination path 'bristlecone-training-2024' already exists and is not an empty di
rectory.
PS C:\Users\vipin.jaiswal\bristlecone-training-2024> .start
.start : The term '.start' is not recognized as the name of a cmdlet, function, script file, or operable program. Check 
the spelling of the name, or if a path was included, verify that the path is correct and try again.
At line:1 char:1
+ .start
+ ~~~~~~
    + CategoryInfo          : ObjectNotFound: (.start:String) [], CommandNotFoundException
    + FullyQualifiedErrorId : CommandNotFoundException
.start : The term '.start' is not recognized as the name of a cmdlet, function, script
file, or operable program. Check the spelling of the name, or if a path was included,
verify that the path is correct and try again.
At line:1 char:1
+ .start
+ ~~~~~~
    + CategoryInfo          : ObjectNotFound: (.start:String) [], CommandNotFoundExcept
   ion
    + FullyQualifiedErrorId : CommandNotFoundException

PS C:\Users\vipin.jaiswal\bristlecone-training-2024> Stop-Transcript
**********************
Windows PowerShell transcript end
End time: 20240228145950
**********************
